<html>
<body>
<pre>
<h1>µVision Build Log</h1>
<h2>Tool Versions:</h2>
IDE-Version: ¦ÌVision V5.18.0.0
Copyright (C) 2016 ARM Ltd and ARM Germany GmbH. All rights reserved.
License Information: Ëû Y, µÄ, LIC=SDA0P-MVTIM-56RQ2-92XGX-YSS42-6JYL0
 
Tool Versions:
Toolchain:       MDK-ARM Standard  Version: 5.18
Toolchain Path:  D:\keilMDK\ARM\ARMCC\Bin
C Compiler:      Armcc.exe V5.06 update 1 (build 61)
Assembler:       Armasm.exe V5.06 update 1 (build 61)
Linker/Locator:  ArmLink.exe V5.06 update 1 (build 61)
Library Manager: ArmAr.exe V5.06 update 1 (build 61)
Hex Converter:   FromElf.exe V5.06 update 1 (build 61)
CPU DLL:         SARMCM3.DLL V5.18
Dialog DLL:      DARMSTM.DLL V1.65.0.0
Target DLL:      Segger\JL2CM3.dll V2.99.18.0
Dialog DLL:      TARMSTM.DLL V1.64.0.0
 
<h2>Project:</h2>
D:\HG\Code\Stm32f103c8t6UCOSII\USER\project.uvprojx
Project File Date:  04/09/2023

<h2>Output:</h2>
*** Using Compiler 'V5.06 update 1 (build 61)', folder: 'D:\keilMDK\ARM\ARMCC\Bin'
Rebuild target 'Project'
compiling adc.c...
compiling led.c...
compiling stm32f10x_it.c...
compiling system_stm32f10x.c...
compiling can.c...
compiling oled.c...
compiling main.c...
compiling i2c.c...
compiling dma.c...
compiling key.c...
compiling exti.c...
compiling usart.c...
compiling tim.c...
compiling delay.c...
assembling startup_stm32f10x_hd.s...
compiling usart.c...
compiling core_cm3.c...
compiling sys.c...
compiling misc.c...
compiling stm32f10x_dbgmcu.c...
compiling stm32f10x_gpio.c...
compiling stm32f10x_rcc.c...
compiling stm32f10x_usart.c...
compiling stm32f10x_bkp.c...
compiling stm32f10x_adc.c...
compiling stm32f10x_can.c...
compiling stm32f10x_cec.c...
compiling stm32f10x_crc.c...
compiling stm32f10x_dac.c...
compiling stm32f10x_dma.c...
compiling stm32f10x_exti.c...
compiling stm32f10x_flash.c...
compiling stm32f10x_fsmc.c...
compiling stm32f10x_rtc.c...
compiling stm32f10x_iwdg.c...
compiling stm32f10x_pwr.c...
compiling stm32f10x_i2c.c...
compiling stm32f10x_sdio.c...
compiling stm32f10x_spi.c...
compiling os_flag.c...
compiling stm32f10x_wwdg.c...
compiling os_mem.c...
compiling os_mbox.c...
compiling os_core.c...
compiling stm32f10x_tim.c...
compiling os_mutex.c...
assembling os_cpu_a.asm...
compiling os_sem.c...
compiling os_time.c...
compiling os_tmr.c...
compiling os_task.c...
compiling os_q.c...
compiling os_cpu_c.c...
linking...
Program Size: Code=7348 RO-data=8448 RW-data=684 ZI-data=10300  
FromELF: creating hex file...
"..\OBJ\UCOSII-1.axf" - 0 Error(s), 0 Warning(s).

<h2>Collection of Component include folders:</h2>
  D:\HG\Code\Stm32f103c8t6UCOSII\USER\RTE
  D:\keilMDK\ARM\PACK\Keil\STM32F1xx_DFP\2.4.0\Device\Include

<h2>Collection of Component Files used:</h2>
Build Time Elapsed:  00:00:07
</pre>
</body>
</html>
